should add the attach_metadata block to the discovery.kubernetes:
  1: |
    |-
      declare "pod_logs_via_opentelemetry" {
        argument "logs_destinations" {
          comment = "Must be a list of log destinations where collected logs should be forwarded to"
        }

        otelcol.receiver.filelog "pod_logs" {
          include = ["/var/log/pods/*/*/*.log"]
          start_at = "end"
          include_file_name = false
          include_file_path = true

          operators = [
            // Container operator will set k8s.pod.name, k8s.pod.uid, k8s.container.name, k8s.container.restart_count, and k8s.namespace.name
            {
              type                       = "container",
              add_metadata_from_filepath = true,
            },
          ]

          output {
            logs = [otelcol.processor.k8sattributes.pod_logs.input]
          }
        }

        otelcol.processor.k8sattributes "pod_logs" {
          pod_association {
            source {
              from = "resource_attribute"
              name = "k8s.pod.uid"
            }
          }

          extract {
            otel_annotations = false
            metadata = [
              "k8s.deployment.name",
              "k8s.statefulset.name",
              "k8s.daemonset.name",
              "k8s.cronjob.name",
              "k8s.job.name",
              "k8s.node.name",
            ]
            annotation {
              key_regex = "resource.opentelemetry.io/(.*)"
              tag_name  = "$1"
              from      = "pod"
            }
            label {
              tag_name = "app_kubernetes_io_name"
              key      = "app.kubernetes.io/name"
              from     = "pod"
            }
            label {
              tag_name = "nodePool"
              key      = "true"
              from     = "node"
            }
          }

          output {
            logs = [otelcol.processor.transform.pod_logs.input]
          }
        }

        otelcol.processor.transform "pod_logs" {
          error_mode = "ignore"
          log_statements {
            context = "resource"
            statements = [
              `delete_key(attributes, "k8s.container.restart_count")`,

              `set(attributes["service.name"], attributes["app.kubernetes.io/name"]) where attributes["service.name"] == nil`,
              `set(attributes["service.name"], attributes["k8s.deployment.name"]) where attributes["service.name"] == nil`,
              `set(attributes["service.name"], attributes["k8s.replicaset.name"]) where attributes["service.name"] == nil`,
              `set(attributes["service.name"], attributes["k8s.statefulset.name"]) where attributes["service.name"] == nil`,
              `set(attributes["service.name"], attributes["k8s.daemonset.name"]) where attributes["service.name"] == nil`,
              `set(attributes["service.name"], attributes["k8s.cronjob.name"]) where attributes["service.name"] == nil`,
              `set(attributes["service.name"], attributes["k8s.job.name"]) where attributes["service.name"] == nil`,
              `set(attributes["service.name"], attributes["k8s.pod.name"]) where attributes["service.name"] == nil`,
              `set(attributes["service.name"], attributes["k8s.container.name"]) where attributes["service.name"] == nil`,

              `set(attributes["service.namespace"], attributes["k8s.namespace.name"]) where attributes["service.namespace"] == nil`,

              `set(attributes["service.version"], attributes["app.kubernetes.io/version"]) where attributes["service.version"] == nil`,

              `set(attributes["service.instance.id"], Concat([attributes["k8s.namespace.name"], attributes["k8s.pod.name"], attributes["k8s.container.name"]], ".")) where attributes["service.instance.id"] == nil`,
            ]
          }

          log_statements {
            context = "log"
            statements = [
              `delete_key(attributes, "log.file.path")`,
            ]
          }

          output {
            logs = argument.logs_destinations.value
          }
        }
      }
should add the node architecture label rules to the discovery relabel:
  1: |
    |-
      declare "pod_logs_via_opentelemetry" {
        argument "logs_destinations" {
          comment = "Must be a list of log destinations where collected logs should be forwarded to"
        }

        otelcol.receiver.filelog "pod_logs" {
          include = ["/var/log/pods/*/*/*.log"]
          start_at = "end"
          include_file_name = false
          include_file_path = true

          operators = [
            // Container operator will set k8s.pod.name, k8s.pod.uid, k8s.container.name, k8s.container.restart_count, and k8s.namespace.name
            {
              type                       = "container",
              add_metadata_from_filepath = true,
            },
          ]

          output {
            logs = [otelcol.processor.k8sattributes.pod_logs.input]
          }
        }

        otelcol.processor.k8sattributes "pod_logs" {
          pod_association {
            source {
              from = "resource_attribute"
              name = "k8s.pod.uid"
            }
          }

          extract {
            otel_annotations = false
            metadata = [
              "k8s.deployment.name",
              "k8s.statefulset.name",
              "k8s.daemonset.name",
              "k8s.cronjob.name",
              "k8s.job.name",
              "k8s.node.name",
            ]
            annotation {
              key_regex = "resource.opentelemetry.io/(.*)"
              tag_name  = "$1"
              from      = "pod"
            }
            label {
              tag_name = "app_kubernetes_io_name"
              key      = "app.kubernetes.io/name"
              from     = "pod"
            }
            label {
              tag_name = "nodeArchitecture"
              key      = "true"
              from     = "node"
            }
          }

          output {
            logs = [otelcol.processor.transform.pod_logs.input]
          }
        }

        otelcol.processor.transform "pod_logs" {
          error_mode = "ignore"
          log_statements {
            context = "resource"
            statements = [
              `delete_key(attributes, "k8s.container.restart_count")`,

              `set(attributes["service.name"], attributes["app.kubernetes.io/name"]) where attributes["service.name"] == nil`,
              `set(attributes["service.name"], attributes["k8s.deployment.name"]) where attributes["service.name"] == nil`,
              `set(attributes["service.name"], attributes["k8s.replicaset.name"]) where attributes["service.name"] == nil`,
              `set(attributes["service.name"], attributes["k8s.statefulset.name"]) where attributes["service.name"] == nil`,
              `set(attributes["service.name"], attributes["k8s.daemonset.name"]) where attributes["service.name"] == nil`,
              `set(attributes["service.name"], attributes["k8s.cronjob.name"]) where attributes["service.name"] == nil`,
              `set(attributes["service.name"], attributes["k8s.job.name"]) where attributes["service.name"] == nil`,
              `set(attributes["service.name"], attributes["k8s.pod.name"]) where attributes["service.name"] == nil`,
              `set(attributes["service.name"], attributes["k8s.container.name"]) where attributes["service.name"] == nil`,

              `set(attributes["service.namespace"], attributes["k8s.namespace.name"]) where attributes["service.namespace"] == nil`,

              `set(attributes["service.version"], attributes["app.kubernetes.io/version"]) where attributes["service.version"] == nil`,

              `set(attributes["service.instance.id"], Concat([attributes["k8s.namespace.name"], attributes["k8s.pod.name"], attributes["k8s.container.name"]], ".")) where attributes["service.instance.id"] == nil`,
            ]
          }

          log_statements {
            context = "log"
            statements = [
              `delete_key(attributes, "log.file.path")`,
            ]
          }

          output {
            logs = argument.logs_destinations.value
          }
        }
      }
should add the node availability zone label rules to the discovery relabel:
  1: |
    |-
      declare "pod_logs_via_opentelemetry" {
        argument "logs_destinations" {
          comment = "Must be a list of log destinations where collected logs should be forwarded to"
        }

        otelcol.receiver.filelog "pod_logs" {
          include = ["/var/log/pods/*/*/*.log"]
          start_at = "end"
          include_file_name = false
          include_file_path = true

          operators = [
            // Container operator will set k8s.pod.name, k8s.pod.uid, k8s.container.name, k8s.container.restart_count, and k8s.namespace.name
            {
              type                       = "container",
              add_metadata_from_filepath = true,
            },
          ]

          output {
            logs = [otelcol.processor.k8sattributes.pod_logs.input]
          }
        }

        otelcol.processor.k8sattributes "pod_logs" {
          pod_association {
            source {
              from = "resource_attribute"
              name = "k8s.pod.uid"
            }
          }

          extract {
            otel_annotations = false
            metadata = [
              "k8s.deployment.name",
              "k8s.statefulset.name",
              "k8s.daemonset.name",
              "k8s.cronjob.name",
              "k8s.job.name",
              "k8s.node.name",
            ]
            annotation {
              key_regex = "resource.opentelemetry.io/(.*)"
              tag_name  = "$1"
              from      = "pod"
            }
            label {
              tag_name = "app_kubernetes_io_name"
              key      = "app.kubernetes.io/name"
              from     = "pod"
            }
            label {
              tag_name = "availabilityZone"
              key      = "true"
              from     = "node"
            }
          }

          output {
            logs = [otelcol.processor.transform.pod_logs.input]
          }
        }

        otelcol.processor.transform "pod_logs" {
          error_mode = "ignore"
          log_statements {
            context = "resource"
            statements = [
              `delete_key(attributes, "k8s.container.restart_count")`,

              `set(attributes["service.name"], attributes["app.kubernetes.io/name"]) where attributes["service.name"] == nil`,
              `set(attributes["service.name"], attributes["k8s.deployment.name"]) where attributes["service.name"] == nil`,
              `set(attributes["service.name"], attributes["k8s.replicaset.name"]) where attributes["service.name"] == nil`,
              `set(attributes["service.name"], attributes["k8s.statefulset.name"]) where attributes["service.name"] == nil`,
              `set(attributes["service.name"], attributes["k8s.daemonset.name"]) where attributes["service.name"] == nil`,
              `set(attributes["service.name"], attributes["k8s.cronjob.name"]) where attributes["service.name"] == nil`,
              `set(attributes["service.name"], attributes["k8s.job.name"]) where attributes["service.name"] == nil`,
              `set(attributes["service.name"], attributes["k8s.pod.name"]) where attributes["service.name"] == nil`,
              `set(attributes["service.name"], attributes["k8s.container.name"]) where attributes["service.name"] == nil`,

              `set(attributes["service.namespace"], attributes["k8s.namespace.name"]) where attributes["service.namespace"] == nil`,

              `set(attributes["service.version"], attributes["app.kubernetes.io/version"]) where attributes["service.version"] == nil`,

              `set(attributes["service.instance.id"], Concat([attributes["k8s.namespace.name"], attributes["k8s.pod.name"], attributes["k8s.container.name"]], ".")) where attributes["service.instance.id"] == nil`,
            ]
          }

          log_statements {
            context = "log"
            statements = [
              `delete_key(attributes, "log.file.path")`,
            ]
          }

          output {
            logs = argument.logs_destinations.value
          }
        }
      }
should add the node instance type label rules to the discovery relabel:
  1: |
    |-
      declare "pod_logs_via_opentelemetry" {
        argument "logs_destinations" {
          comment = "Must be a list of log destinations where collected logs should be forwarded to"
        }

        otelcol.receiver.filelog "pod_logs" {
          include = ["/var/log/pods/*/*/*.log"]
          start_at = "end"
          include_file_name = false
          include_file_path = true

          operators = [
            // Container operator will set k8s.pod.name, k8s.pod.uid, k8s.container.name, k8s.container.restart_count, and k8s.namespace.name
            {
              type                       = "container",
              add_metadata_from_filepath = true,
            },
          ]

          output {
            logs = [otelcol.processor.k8sattributes.pod_logs.input]
          }
        }

        otelcol.processor.k8sattributes "pod_logs" {
          pod_association {
            source {
              from = "resource_attribute"
              name = "k8s.pod.uid"
            }
          }

          extract {
            otel_annotations = false
            metadata = [
              "k8s.deployment.name",
              "k8s.statefulset.name",
              "k8s.daemonset.name",
              "k8s.cronjob.name",
              "k8s.job.name",
              "k8s.node.name",
            ]
            annotation {
              key_regex = "resource.opentelemetry.io/(.*)"
              tag_name  = "$1"
              from      = "pod"
            }
            label {
              tag_name = "app_kubernetes_io_name"
              key      = "app.kubernetes.io/name"
              from     = "pod"
            }
            label {
              tag_name = "instanceType"
              key      = "true"
              from     = "node"
            }
          }

          output {
            logs = [otelcol.processor.transform.pod_logs.input]
          }
        }

        otelcol.processor.transform "pod_logs" {
          error_mode = "ignore"
          log_statements {
            context = "resource"
            statements = [
              `delete_key(attributes, "k8s.container.restart_count")`,

              `set(attributes["service.name"], attributes["app.kubernetes.io/name"]) where attributes["service.name"] == nil`,
              `set(attributes["service.name"], attributes["k8s.deployment.name"]) where attributes["service.name"] == nil`,
              `set(attributes["service.name"], attributes["k8s.replicaset.name"]) where attributes["service.name"] == nil`,
              `set(attributes["service.name"], attributes["k8s.statefulset.name"]) where attributes["service.name"] == nil`,
              `set(attributes["service.name"], attributes["k8s.daemonset.name"]) where attributes["service.name"] == nil`,
              `set(attributes["service.name"], attributes["k8s.cronjob.name"]) where attributes["service.name"] == nil`,
              `set(attributes["service.name"], attributes["k8s.job.name"]) where attributes["service.name"] == nil`,
              `set(attributes["service.name"], attributes["k8s.pod.name"]) where attributes["service.name"] == nil`,
              `set(attributes["service.name"], attributes["k8s.container.name"]) where attributes["service.name"] == nil`,

              `set(attributes["service.namespace"], attributes["k8s.namespace.name"]) where attributes["service.namespace"] == nil`,

              `set(attributes["service.version"], attributes["app.kubernetes.io/version"]) where attributes["service.version"] == nil`,

              `set(attributes["service.instance.id"], Concat([attributes["k8s.namespace.name"], attributes["k8s.pod.name"], attributes["k8s.container.name"]], ".")) where attributes["service.instance.id"] == nil`,
            ]
          }

          log_statements {
            context = "log"
            statements = [
              `delete_key(attributes, "log.file.path")`,
            ]
          }

          output {
            logs = argument.logs_destinations.value
          }
        }
      }
should add the node os label rules to the discovery relabel:
  1: |
    |-
      declare "pod_logs_via_opentelemetry" {
        argument "logs_destinations" {
          comment = "Must be a list of log destinations where collected logs should be forwarded to"
        }

        otelcol.receiver.filelog "pod_logs" {
          include = ["/var/log/pods/*/*/*.log"]
          start_at = "end"
          include_file_name = false
          include_file_path = true

          operators = [
            // Container operator will set k8s.pod.name, k8s.pod.uid, k8s.container.name, k8s.container.restart_count, and k8s.namespace.name
            {
              type                       = "container",
              add_metadata_from_filepath = true,
            },
          ]

          output {
            logs = [otelcol.processor.k8sattributes.pod_logs.input]
          }
        }

        otelcol.processor.k8sattributes "pod_logs" {
          pod_association {
            source {
              from = "resource_attribute"
              name = "k8s.pod.uid"
            }
          }

          extract {
            otel_annotations = false
            metadata = [
              "k8s.deployment.name",
              "k8s.statefulset.name",
              "k8s.daemonset.name",
              "k8s.cronjob.name",
              "k8s.job.name",
              "k8s.node.name",
            ]
            annotation {
              key_regex = "resource.opentelemetry.io/(.*)"
              tag_name  = "$1"
              from      = "pod"
            }
            label {
              tag_name = "app_kubernetes_io_name"
              key      = "app.kubernetes.io/name"
              from     = "pod"
            }
            label {
              tag_name = "nodeOS"
              key      = "true"
              from     = "node"
            }
          }

          output {
            logs = [otelcol.processor.transform.pod_logs.input]
          }
        }

        otelcol.processor.transform "pod_logs" {
          error_mode = "ignore"
          log_statements {
            context = "resource"
            statements = [
              `delete_key(attributes, "k8s.container.restart_count")`,

              `set(attributes["service.name"], attributes["app.kubernetes.io/name"]) where attributes["service.name"] == nil`,
              `set(attributes["service.name"], attributes["k8s.deployment.name"]) where attributes["service.name"] == nil`,
              `set(attributes["service.name"], attributes["k8s.replicaset.name"]) where attributes["service.name"] == nil`,
              `set(attributes["service.name"], attributes["k8s.statefulset.name"]) where attributes["service.name"] == nil`,
              `set(attributes["service.name"], attributes["k8s.daemonset.name"]) where attributes["service.name"] == nil`,
              `set(attributes["service.name"], attributes["k8s.cronjob.name"]) where attributes["service.name"] == nil`,
              `set(attributes["service.name"], attributes["k8s.job.name"]) where attributes["service.name"] == nil`,
              `set(attributes["service.name"], attributes["k8s.pod.name"]) where attributes["service.name"] == nil`,
              `set(attributes["service.name"], attributes["k8s.container.name"]) where attributes["service.name"] == nil`,

              `set(attributes["service.namespace"], attributes["k8s.namespace.name"]) where attributes["service.namespace"] == nil`,

              `set(attributes["service.version"], attributes["app.kubernetes.io/version"]) where attributes["service.version"] == nil`,

              `set(attributes["service.instance.id"], Concat([attributes["k8s.namespace.name"], attributes["k8s.pod.name"], attributes["k8s.container.name"]], ".")) where attributes["service.instance.id"] == nil`,
            ]
          }

          log_statements {
            context = "log"
            statements = [
              `delete_key(attributes, "log.file.path")`,
            ]
          }

          output {
            logs = argument.logs_destinations.value
          }
        }
      }
should add the node pool label rules to the discovery relabel:
  1: |
    |-
      declare "pod_logs_via_opentelemetry" {
        argument "logs_destinations" {
          comment = "Must be a list of log destinations where collected logs should be forwarded to"
        }

        otelcol.receiver.filelog "pod_logs" {
          include = ["/var/log/pods/*/*/*.log"]
          start_at = "end"
          include_file_name = false
          include_file_path = true

          operators = [
            // Container operator will set k8s.pod.name, k8s.pod.uid, k8s.container.name, k8s.container.restart_count, and k8s.namespace.name
            {
              type                       = "container",
              add_metadata_from_filepath = true,
            },
          ]

          output {
            logs = [otelcol.processor.k8sattributes.pod_logs.input]
          }
        }

        otelcol.processor.k8sattributes "pod_logs" {
          pod_association {
            source {
              from = "resource_attribute"
              name = "k8s.pod.uid"
            }
          }

          extract {
            otel_annotations = false
            metadata = [
              "k8s.deployment.name",
              "k8s.statefulset.name",
              "k8s.daemonset.name",
              "k8s.cronjob.name",
              "k8s.job.name",
              "k8s.node.name",
            ]
            annotation {
              key_regex = "resource.opentelemetry.io/(.*)"
              tag_name  = "$1"
              from      = "pod"
            }
            label {
              tag_name = "app_kubernetes_io_name"
              key      = "app.kubernetes.io/name"
              from     = "pod"
            }
            label {
              tag_name = "nodePool"
              key      = "true"
              from     = "node"
            }
          }

          output {
            logs = [otelcol.processor.transform.pod_logs.input]
          }
        }

        otelcol.processor.transform "pod_logs" {
          error_mode = "ignore"
          log_statements {
            context = "resource"
            statements = [
              `delete_key(attributes, "k8s.container.restart_count")`,

              `set(attributes["service.name"], attributes["app.kubernetes.io/name"]) where attributes["service.name"] == nil`,
              `set(attributes["service.name"], attributes["k8s.deployment.name"]) where attributes["service.name"] == nil`,
              `set(attributes["service.name"], attributes["k8s.replicaset.name"]) where attributes["service.name"] == nil`,
              `set(attributes["service.name"], attributes["k8s.statefulset.name"]) where attributes["service.name"] == nil`,
              `set(attributes["service.name"], attributes["k8s.daemonset.name"]) where attributes["service.name"] == nil`,
              `set(attributes["service.name"], attributes["k8s.cronjob.name"]) where attributes["service.name"] == nil`,
              `set(attributes["service.name"], attributes["k8s.job.name"]) where attributes["service.name"] == nil`,
              `set(attributes["service.name"], attributes["k8s.pod.name"]) where attributes["service.name"] == nil`,
              `set(attributes["service.name"], attributes["k8s.container.name"]) where attributes["service.name"] == nil`,

              `set(attributes["service.namespace"], attributes["k8s.namespace.name"]) where attributes["service.namespace"] == nil`,

              `set(attributes["service.version"], attributes["app.kubernetes.io/version"]) where attributes["service.version"] == nil`,

              `set(attributes["service.instance.id"], Concat([attributes["k8s.namespace.name"], attributes["k8s.pod.name"], attributes["k8s.container.name"]], ".")) where attributes["service.instance.id"] == nil`,
            ]
          }

          log_statements {
            context = "log"
            statements = [
              `delete_key(attributes, "log.file.path")`,
            ]
          }

          output {
            logs = argument.logs_destinations.value
          }
        }
      }
should add the node region label rules to the discovery relabel:
  1: |
    |-
      declare "pod_logs_via_opentelemetry" {
        argument "logs_destinations" {
          comment = "Must be a list of log destinations where collected logs should be forwarded to"
        }

        otelcol.receiver.filelog "pod_logs" {
          include = ["/var/log/pods/*/*/*.log"]
          start_at = "end"
          include_file_name = false
          include_file_path = true

          operators = [
            // Container operator will set k8s.pod.name, k8s.pod.uid, k8s.container.name, k8s.container.restart_count, and k8s.namespace.name
            {
              type                       = "container",
              add_metadata_from_filepath = true,
            },
          ]

          output {
            logs = [otelcol.processor.k8sattributes.pod_logs.input]
          }
        }

        otelcol.processor.k8sattributes "pod_logs" {
          pod_association {
            source {
              from = "resource_attribute"
              name = "k8s.pod.uid"
            }
          }

          extract {
            otel_annotations = false
            metadata = [
              "k8s.deployment.name",
              "k8s.statefulset.name",
              "k8s.daemonset.name",
              "k8s.cronjob.name",
              "k8s.job.name",
              "k8s.node.name",
            ]
            annotation {
              key_regex = "resource.opentelemetry.io/(.*)"
              tag_name  = "$1"
              from      = "pod"
            }
            label {
              tag_name = "app_kubernetes_io_name"
              key      = "app.kubernetes.io/name"
              from     = "pod"
            }
            label {
              tag_name = "region"
              key      = "true"
              from     = "node"
            }
          }

          output {
            logs = [otelcol.processor.transform.pod_logs.input]
          }
        }

        otelcol.processor.transform "pod_logs" {
          error_mode = "ignore"
          log_statements {
            context = "resource"
            statements = [
              `delete_key(attributes, "k8s.container.restart_count")`,

              `set(attributes["service.name"], attributes["app.kubernetes.io/name"]) where attributes["service.name"] == nil`,
              `set(attributes["service.name"], attributes["k8s.deployment.name"]) where attributes["service.name"] == nil`,
              `set(attributes["service.name"], attributes["k8s.replicaset.name"]) where attributes["service.name"] == nil`,
              `set(attributes["service.name"], attributes["k8s.statefulset.name"]) where attributes["service.name"] == nil`,
              `set(attributes["service.name"], attributes["k8s.daemonset.name"]) where attributes["service.name"] == nil`,
              `set(attributes["service.name"], attributes["k8s.cronjob.name"]) where attributes["service.name"] == nil`,
              `set(attributes["service.name"], attributes["k8s.job.name"]) where attributes["service.name"] == nil`,
              `set(attributes["service.name"], attributes["k8s.pod.name"]) where attributes["service.name"] == nil`,
              `set(attributes["service.name"], attributes["k8s.container.name"]) where attributes["service.name"] == nil`,

              `set(attributes["service.namespace"], attributes["k8s.namespace.name"]) where attributes["service.namespace"] == nil`,

              `set(attributes["service.version"], attributes["app.kubernetes.io/version"]) where attributes["service.version"] == nil`,

              `set(attributes["service.instance.id"], Concat([attributes["k8s.namespace.name"], attributes["k8s.pod.name"], attributes["k8s.container.name"]], ".")) where attributes["service.instance.id"] == nil`,
            ]
          }

          log_statements {
            context = "log"
            statements = [
              `delete_key(attributes, "log.file.path")`,
            ]
          }

          output {
            logs = argument.logs_destinations.value
          }
        }
      }
should add the node role label rules to the discovery relabel:
  1: |
    |-
      declare "pod_logs_via_opentelemetry" {
        argument "logs_destinations" {
          comment = "Must be a list of log destinations where collected logs should be forwarded to"
        }

        otelcol.receiver.filelog "pod_logs" {
          include = ["/var/log/pods/*/*/*.log"]
          start_at = "end"
          include_file_name = false
          include_file_path = true

          operators = [
            // Container operator will set k8s.pod.name, k8s.pod.uid, k8s.container.name, k8s.container.restart_count, and k8s.namespace.name
            {
              type                       = "container",
              add_metadata_from_filepath = true,
            },
          ]

          output {
            logs = [otelcol.processor.k8sattributes.pod_logs.input]
          }
        }

        otelcol.processor.k8sattributes "pod_logs" {
          pod_association {
            source {
              from = "resource_attribute"
              name = "k8s.pod.uid"
            }
          }

          extract {
            otel_annotations = false
            metadata = [
              "k8s.deployment.name",
              "k8s.statefulset.name",
              "k8s.daemonset.name",
              "k8s.cronjob.name",
              "k8s.job.name",
              "k8s.node.name",
            ]
            annotation {
              key_regex = "resource.opentelemetry.io/(.*)"
              tag_name  = "$1"
              from      = "pod"
            }
            label {
              tag_name = "app_kubernetes_io_name"
              key      = "app.kubernetes.io/name"
              from     = "pod"
            }
            label {
              tag_name = "nodeRole"
              key      = "true"
              from     = "node"
            }
          }

          output {
            logs = [otelcol.processor.transform.pod_logs.input]
          }
        }

        otelcol.processor.transform "pod_logs" {
          error_mode = "ignore"
          log_statements {
            context = "resource"
            statements = [
              `delete_key(attributes, "k8s.container.restart_count")`,

              `set(attributes["service.name"], attributes["app.kubernetes.io/name"]) where attributes["service.name"] == nil`,
              `set(attributes["service.name"], attributes["k8s.deployment.name"]) where attributes["service.name"] == nil`,
              `set(attributes["service.name"], attributes["k8s.replicaset.name"]) where attributes["service.name"] == nil`,
              `set(attributes["service.name"], attributes["k8s.statefulset.name"]) where attributes["service.name"] == nil`,
              `set(attributes["service.name"], attributes["k8s.daemonset.name"]) where attributes["service.name"] == nil`,
              `set(attributes["service.name"], attributes["k8s.cronjob.name"]) where attributes["service.name"] == nil`,
              `set(attributes["service.name"], attributes["k8s.job.name"]) where attributes["service.name"] == nil`,
              `set(attributes["service.name"], attributes["k8s.pod.name"]) where attributes["service.name"] == nil`,
              `set(attributes["service.name"], attributes["k8s.container.name"]) where attributes["service.name"] == nil`,

              `set(attributes["service.namespace"], attributes["k8s.namespace.name"]) where attributes["service.namespace"] == nil`,

              `set(attributes["service.version"], attributes["app.kubernetes.io/version"]) where attributes["service.version"] == nil`,

              `set(attributes["service.instance.id"], Concat([attributes["k8s.namespace.name"], attributes["k8s.pod.name"], attributes["k8s.container.name"]], ".")) where attributes["service.instance.id"] == nil`,
            ]
          }

          log_statements {
            context = "log"
            statements = [
              `delete_key(attributes, "log.file.path")`,
            ]
          }

          output {
            logs = argument.logs_destinations.value
          }
        }
      }
