generates a valid self-reporting-metric.prom file:
  1: |+
    |+
      # HELP grafana_kubernetes_monitoring_build_info A metric to report the version of the Kubernetes Monitoring Helm chart
      # TYPE grafana_kubernetes_monitoring_build_info gauge
      grafana_kubernetes_monitoring_build_info{version="4.0.2", namespace="NAMESPACE"} 1
      # HELP grafana_kubernetes_monitoring_feature_info A metric to report the enabled features of the Kubernetes Monitoring Helm chart
      # TYPE grafana_kubernetes_monitoring_feature_info gauge
      # HELP grafana_kubernetes_monitoring_collector_info A metric to report the collectors of the Kubernetes Monitoring Helm chart
      # TYPE grafana_kubernetes_monitoring_collector_info gauge
      grafana_kubernetes_monitoring_collector_info{kind="deployment", name="alloy-singleton", presets="singleton", replicas="1", type="alloy"} 1
      # EOF


generates prom file with enabled features:
  1: |+
    |+
      # HELP grafana_kubernetes_monitoring_build_info A metric to report the version of the Kubernetes Monitoring Helm chart
      # TYPE grafana_kubernetes_monitoring_build_info gauge
      grafana_kubernetes_monitoring_build_info{version="4.0.2", namespace="NAMESPACE"} 1
      # HELP grafana_kubernetes_monitoring_feature_info A metric to report the enabled features of the Kubernetes Monitoring Helm chart
      # TYPE grafana_kubernetes_monitoring_feature_info gauge
      grafana_kubernetes_monitoring_feature_info{feature="clusterEvents", version="1.0.0"} 1
      # HELP grafana_kubernetes_monitoring_collector_info A metric to report the collectors of the Kubernetes Monitoring Helm chart
      # TYPE grafana_kubernetes_monitoring_collector_info gauge
      grafana_kubernetes_monitoring_collector_info{kind="deployment", name="alloy-singleton", presets="singleton", replicas="1", type="alloy"} 1
      # EOF


