should create hook when operator is deployed and readiness is enabled:
  1: |
    backoffLimit: 3
    template:
      metadata:
        labels:
          app.kubernetes.io/instance: RELEASE-NAME
          app.kubernetes.io/name: release-name-k8s-monitoring
          linkerd.io/inject: disabled
          sidecar.istio.io/inject: "false"
        name: release-name-k8s-monitoring-add-finalizer
      spec:
        containers:
          - command:
              - /bin/bash
              - -ce
              - |
                kubectl patch \
                  --namespace=NAMESPACE \
                  --patch='{"metadata":{"finalizers":["k8s.grafana.com/finalizer"]}}' \
                  deployment/RELEASE-NAME-alloy-operator
            image: ghcr.io/grafana/helm-chart-toolbox-kubectl:0.1.1
            imagePullPolicy: IfNotPresent
            name: add-finalizers
            securityContext:
              allowPrivilegeEscalation: false
              capabilities:
                drop:
                  - ALL
              readOnlyRootFilesystem: true
              runAsNonRoot: true
              runAsUser: 4242
              seccompProfile:
                type: RuntimeDefault
        nodeSelector:
          kubernetes.io/os: linux
        restartPolicy: Never
        serviceAccountName: release-name-k8s-monitoring-add-finalizer
    ttlSecondsAfterFinished: 300
