should list all telemetry services when all are enabled:
  1: |
    |
      Grafana k8s-monitoring Helm chart deployed!

      This chart will install the following components:
      * Grafana Alloy Operator
      * Grafana Alloy "my-collector" (daemonset)
      * Node Exporter (daemonset)
      * Windows Exporter (daemonset)
      * kube-state-metrics (deployment)
      * Kepler (daemonset)
      * OpenCost (deployment)

      It will:
should list node-exporter and windows-exporter:
  1: |
    |
      Grafana k8s-monitoring Helm chart deployed!

      This chart will install the following components:
      * Grafana Alloy Operator
      * Grafana Alloy "my-collector" (daemonset)
      * Node Exporter (daemonset)
      * Windows Exporter (daemonset)

      It will:
should list nothing when all telemetry services are disabled:
  1: |
    |
      Grafana k8s-monitoring Helm chart deployed!

      This chart will install the following components:
      * Grafana Alloy Operator
      * Grafana Alloy "my-collector" (daemonset)

      It will:
