renders new db o11y options (azure, exclude_databases, exclude_current_user):
  1: |
    |-
      declare "postgresql_integration" {
        argument "metrics_destinations" {
          comment = "Must be a list of metric destinations where collected metrics should be forwarded to"
        }
        argument "logs_destinations" {
          comment = "Must be a list of log destinations where collected logs should be forwarded to"
        }

        remote.kubernetes.secret "azure_db" {
          name      = "azure-db-release-name-feature-integrations"
          namespace = "NAMESPACE"
        }

        prometheus.exporter.postgres "azure_db" {
          data_source_names = [string.format("postgresql://%s:%s@%s:%d/",
            encoding.url_encode(convert.nonsensitive(remote.kubernetes.secret.azure_db.data["username"])),
            encoding.url_encode(convert.nonsensitive(remote.kubernetes.secret.azure_db.data["password"])),
            "azure-db.postgresql.svc",
            5432,
          )]
          enabled_collectors = ["database","locks","replication","replication_slot","stat_bgwriter","stat_database","stat_progress_vacuum","stat_user_tables","statio_user_tables","wal"]
          disable_default_metrics = false
          disable_settings_metrics = false
        }

        database_observability.postgres "azure_db" {
          targets = prometheus.exporter.postgres.azure_db.targets
          data_source_name = string.format("postgresql://%s:%s@%s:%d/",
            encoding.url_encode(convert.nonsensitive(remote.kubernetes.secret.azure_db.data["username"])),
            encoding.url_encode(convert.nonsensitive(remote.kubernetes.secret.azure_db.data["password"])),
            "azure-db.postgresql.svc",
            5432,
          )
          cloud_provider {
            azure {
              subscription_id = "sub-123"
              resource_group = "rg-prod"
              server_name = "my-azure-server"
            }
          }
          exclude_databases = ["employees","departments"]
          explain_plans {
            collect_interval = "1m"
            per_collect_ratio = "1"
          }
          query_details {
            collect_interval = "1m"
          }
          query_samples {
            collect_interval = "1m"
            disable_query_redaction = false
            exclude_current_user = false
          }
          schema_details {
            collect_interval = "1m"
            cache_enabled = true
            cache_size = 256
            cache_ttl = "10m"
          }
          enable_collectors = ["explain_plans","query_details","query_samples","schema_details"]

          forward_to = argument.logs_destinations.value
        }
        prometheus.scrape "azure_db" {
          targets = database_observability.postgres.azure_db.targets
          clustering {
            enabled = true
          }

          scrape_interval = "60s"
          scrape_timeout = "10s"
          scrape_protocols = ["OpenMetricsText1.0.0","OpenMetricsText0.0.1","PrometheusText0.0.4"]
          scrape_classic_histograms = false
          scrape_native_histograms = false
          forward_to = [prometheus.relabel.azure_db.receiver]
        }

        prometheus.relabel "azure_db" {
          max_cache_size = 100000
          rule {
            target_label = "instance"
            replacement = "azure-db"
          }
          rule {
            target_label = "job"
            replacement = "integration/postgresql"
          }
          forward_to = argument.metrics_destinations.value
        }
      }
renders new db o11y options (exclude_users):
  1: |
    |-
      declare "postgresql_integration" {
        argument "metrics_destinations" {
          comment = "Must be a list of metric destinations where collected metrics should be forwarded to"
        }
        argument "logs_destinations" {
          comment = "Must be a list of log destinations where collected logs should be forwarded to"
        }

        remote.kubernetes.secret "new_opts_db" {
          name      = "new-opts-db-release-name-feature-integrations"
          namespace = "NAMESPACE"
        }

        prometheus.exporter.postgres "new_opts_db" {
          data_source_names = [string.format("postgresql://%s:%s@%s:%d/",
            encoding.url_encode(convert.nonsensitive(remote.kubernetes.secret.new_opts_db.data["username"])),
            encoding.url_encode(convert.nonsensitive(remote.kubernetes.secret.new_opts_db.data["password"])),
            "new-opts-db.postgresql.svc",
            5432,
          )]
          enabled_collectors = ["database","locks","replication","replication_slot","stat_bgwriter","stat_database","stat_progress_vacuum","stat_user_tables","statio_user_tables","wal"]
          disable_default_metrics = false
          disable_settings_metrics = false
        }

        database_observability.postgres "new_opts_db" {
          targets = prometheus.exporter.postgres.new_opts_db.targets
          data_source_name = string.format("postgresql://%s:%s@%s:%d/",
            encoding.url_encode(convert.nonsensitive(remote.kubernetes.secret.new_opts_db.data["username"])),
            encoding.url_encode(convert.nonsensitive(remote.kubernetes.secret.new_opts_db.data["password"])),
            "new-opts-db.postgresql.svc",
            5432,
          )
          exclude_users = ["monitoring_user"]
          explain_plans {
            collect_interval = "1m"
            per_collect_ratio = "1"
          }
          query_details {
            collect_interval = "1m"
          }
          query_samples {
            collect_interval = "1m"
            disable_query_redaction = false
            exclude_current_user = true
          }
          schema_details {
            collect_interval = "1m"
            cache_enabled = true
            cache_size = 256
            cache_ttl = "10m"
          }
          enable_collectors = ["explain_plans","query_details","query_samples","schema_details"]

          forward_to = argument.logs_destinations.value
        }
        prometheus.scrape "new_opts_db" {
          targets = database_observability.postgres.new_opts_db.targets
          clustering {
            enabled = true
          }

          scrape_interval = "60s"
          scrape_timeout = "10s"
          scrape_protocols = ["OpenMetricsText1.0.0","OpenMetricsText0.0.1","PrometheusText0.0.4"]
          scrape_classic_histograms = false
          scrape_native_histograms = false
          forward_to = [prometheus.relabel.new_opts_db.receiver]
        }

        prometheus.relabel "new_opts_db" {
          max_cache_size = 100000
          rule {
            target_label = "instance"
            replacement = "new-opts-db"
          }
          rule {
            target_label = "job"
            replacement = "integration/postgresql"
          }
          forward_to = argument.metrics_destinations.value
        }
      }
renders new db o11y options (statements_limit):
  1: |
    |-
      declare "postgresql_integration" {
        argument "metrics_destinations" {
          comment = "Must be a list of metric destinations where collected metrics should be forwarded to"
        }
        argument "logs_destinations" {
          comment = "Must be a list of log destinations where collected logs should be forwarded to"
        }

        remote.kubernetes.secret "limited_db" {
          name      = "limited-db-release-name-feature-integrations"
          namespace = "NAMESPACE"
        }

        prometheus.exporter.postgres "limited_db" {
          data_source_names = [string.format("postgresql://%s:%s@%s:%d/",
            encoding.url_encode(convert.nonsensitive(remote.kubernetes.secret.limited_db.data["username"])),
            encoding.url_encode(convert.nonsensitive(remote.kubernetes.secret.limited_db.data["password"])),
            "limited-db.postgresql.svc",
            5432,
          )]
          enabled_collectors = ["database","locks","replication","replication_slot","stat_bgwriter","stat_database","stat_progress_vacuum","stat_user_tables","statio_user_tables","wal"]
          disable_default_metrics = false
          disable_settings_metrics = false
        }

        database_observability.postgres "limited_db" {
          targets = prometheus.exporter.postgres.limited_db.targets
          data_source_name = string.format("postgresql://%s:%s@%s:%d/",
            encoding.url_encode(convert.nonsensitive(remote.kubernetes.secret.limited_db.data["username"])),
            encoding.url_encode(convert.nonsensitive(remote.kubernetes.secret.limited_db.data["password"])),
            "limited-db.postgresql.svc",
            5432,
          )
          explain_plans {
            collect_interval = "1m"
            per_collect_ratio = "1"
          }
          query_details {
            collect_interval = "1m"
            statements_limit = 50
          }
          query_samples {
            collect_interval = "1m"
            disable_query_redaction = false
            exclude_current_user = true
          }
          schema_details {
            collect_interval = "1m"
            cache_enabled = true
            cache_size = 256
            cache_ttl = "10m"
          }
          enable_collectors = ["explain_plans","query_details","query_samples","schema_details"]

          forward_to = argument.logs_destinations.value
        }
        prometheus.scrape "limited_db" {
          targets = database_observability.postgres.limited_db.targets
          clustering {
            enabled = true
          }

          scrape_interval = "60s"
          scrape_timeout = "10s"
          scrape_protocols = ["OpenMetricsText1.0.0","OpenMetricsText0.0.1","PrometheusText0.0.4"]
          scrape_classic_histograms = false
          scrape_native_histograms = false
          forward_to = [prometheus.relabel.limited_db.receiver]
        }

        prometheus.relabel "limited_db" {
          max_cache_size = 100000
          rule {
            target_label = "instance"
            replacement = "limited-db"
          }
          rule {
            target_label = "job"
            replacement = "integration/postgresql"
          }
          forward_to = argument.metrics_destinations.value
        }
      }
should create the PostgreSQL config:
  1: |
    |-
      declare "postgresql_integration" {
        argument "metrics_destinations" {
          comment = "Must be a list of metric destinations where collected metrics should be forwarded to"
        }
        argument "logs_destinations" {
          comment = "Must be a list of log destinations where collected logs should be forwarded to"
        }

        remote.kubernetes.secret "my_database" {
          name      = "my-database-release-name-feature-integrations"
          namespace = "NAMESPACE"
        }

        prometheus.exporter.postgres "my_database" {
          data_source_names = [string.format("postgresql://%s:%s@%s:%d/",
            encoding.url_encode(convert.nonsensitive(remote.kubernetes.secret.my_database.data["username"])),
            encoding.url_encode(convert.nonsensitive(remote.kubernetes.secret.my_database.data["password"])),
            "my-db.postgresql.svc",
            5432,
          )]
          enabled_collectors = ["database","locks","replication","replication_slot","stat_bgwriter","stat_database","stat_progress_vacuum","stat_user_tables","statio_user_tables","wal"]
          disable_default_metrics = false
          disable_settings_metrics = false
        }

        database_observability.postgres "my_database" {
          targets = prometheus.exporter.postgres.my_database.targets
          data_source_name = string.format("postgresql://%s:%s@%s:%d/",
            encoding.url_encode(convert.nonsensitive(remote.kubernetes.secret.my_database.data["username"])),
            encoding.url_encode(convert.nonsensitive(remote.kubernetes.secret.my_database.data["password"])),
            "my-db.postgresql.svc",
            5432,
          )
          explain_plans {
            collect_interval = "1m"
            per_collect_ratio = "1"
          }
          query_details {
            collect_interval = "1m"
          }
          query_samples {
            collect_interval = "1m"
            disable_query_redaction = false
            exclude_current_user = true
          }
          schema_details {
            collect_interval = "1m"
            cache_enabled = true
            cache_size = 256
            cache_ttl = "10m"
          }
          enable_collectors = ["explain_plans","query_details","query_samples","schema_details"]

          forward_to = argument.logs_destinations.value
        }
        prometheus.scrape "my_database" {
          targets = database_observability.postgres.my_database.targets
          clustering {
            enabled = true
          }

          scrape_interval = "60s"
          scrape_timeout = "10s"
          scrape_protocols = ["OpenMetricsText1.0.0","OpenMetricsText0.0.1","PrometheusText0.0.4"]
          scrape_classic_histograms = false
          scrape_native_histograms = false
          forward_to = [prometheus.relabel.my_database.receiver]
        }

        prometheus.relabel "my_database" {
          max_cache_size = 100000
          rule {
            target_label = "instance"
            replacement = "my-database"
          }
          rule {
            target_label = "job"
            replacement = "integration/postgresql"
          }
          forward_to = argument.metrics_destinations.value
        }
      }
works with multiple PostgreSQL Instances:
  1: |
    |-
      declare "postgresql_integration" {
        argument "metrics_destinations" {
          comment = "Must be a list of metric destinations where collected metrics should be forwarded to"
        }
        argument "logs_destinations" {
          comment = "Must be a list of log destinations where collected logs should be forwarded to"
        }

        prometheus.exporter.postgres "test_db" {
          data_source_names = [string.format("postgresql://%s:%d/", "database.test.svc", 5432)]
          enabled_collectors = ["database","locks","replication","replication_slot","stat_bgwriter","stat_database","stat_progress_vacuum","stat_user_tables","statio_user_tables","wal"]
          disable_default_metrics = false
          disable_settings_metrics = false
        }

        database_observability.postgres "test_db" {
          targets = prometheus.exporter.postgres.test_db.targets
          data_source_name = string.format("postgresql://%s:%d/", "database.test.svc", 5432)
          explain_plans {
            collect_interval = "1m"
            per_collect_ratio = "1"
          }
          query_details {
            collect_interval = "1m"
          }
          query_samples {
            collect_interval = "1m"
            disable_query_redaction = false
            exclude_current_user = true
          }
          schema_details {
            collect_interval = "1m"
            cache_enabled = true
            cache_size = 256
            cache_ttl = "10m"
          }
          enable_collectors = ["explain_plans","query_details","query_samples","schema_details"]

          forward_to = argument.logs_destinations.value
        }
        prometheus.scrape "test_db" {
          targets = database_observability.postgres.test_db.targets
          clustering {
            enabled = true
          }

          scrape_interval = "60s"
          scrape_timeout = "10s"
          scrape_protocols = ["OpenMetricsText1.0.0","OpenMetricsText0.0.1","PrometheusText0.0.4"]
          scrape_classic_histograms = false
          scrape_native_histograms = false
          forward_to = [prometheus.relabel.test_db.receiver]
        }

        prometheus.relabel "test_db" {
          max_cache_size = 100000
          rule {
            target_label = "instance"
            replacement = "test-db"
          }
          rule {
            target_label = "job"
            replacement = "integration/postgresql"
          }
          forward_to = argument.metrics_destinations.value
        }

        prometheus.exporter.postgres "staging_db" {
          data_source_names = ["root:password@database.staging.svc:3306/"]
          enabled_collectors = ["database","locks","replication","replication_slot","stat_bgwriter","stat_database","stat_progress_vacuum","stat_user_tables","statio_user_tables","wal"]
          disable_default_metrics = false
          disable_settings_metrics = false
        }

        database_observability.postgres "staging_db" {
          targets = prometheus.exporter.postgres.staging_db.targets
          data_source_name = "root:password@database.staging.svc:3306/"
          explain_plans {
            collect_interval = "1m"
            per_collect_ratio = "1"
          }
          query_details {
            collect_interval = "1m"
          }
          query_samples {
            collect_interval = "1m"
            disable_query_redaction = false
            exclude_current_user = true
          }
          schema_details {
            collect_interval = "1m"
            cache_enabled = true
            cache_size = 256
            cache_ttl = "10m"
          }
          enable_collectors = ["explain_plans","query_details","query_samples","schema_details"]

          forward_to = argument.logs_destinations.value
        }
        prometheus.scrape "staging_db" {
          targets = database_observability.postgres.staging_db.targets
          clustering {
            enabled = true
          }

          scrape_interval = "60s"
          scrape_timeout = "10s"
          scrape_protocols = ["OpenMetricsText1.0.0","OpenMetricsText0.0.1","PrometheusText0.0.4"]
          scrape_classic_histograms = false
          scrape_native_histograms = false
          forward_to = [prometheus.relabel.staging_db.receiver]
        }

        prometheus.relabel "staging_db" {
          max_cache_size = 100000
          rule {
            target_label = "instance"
            replacement = "staging-db"
          }
          rule {
            target_label = "job"
            replacement = "integration/postgresql"
          }
          forward_to = argument.metrics_destinations.value
        }

        remote.kubernetes.secret "prod_db" {
          name      = "prod-db-release-name-feature-integrations"
          namespace = "NAMESPACE"
        }

        prometheus.exporter.postgres "prod_db" {
          data_source_names = [string.format("postgresql://%s:%s@%s:%d/",
            encoding.url_encode(convert.nonsensitive(remote.kubernetes.secret.prod_db.data["username"])),
            encoding.url_encode(convert.nonsensitive(remote.kubernetes.secret.prod_db.data["password"])),
            "database.prod.svc",
            5432,
          )]
          enabled_collectors = ["database","locks","replication","replication_slot","stat_bgwriter","stat_database","stat_progress_vacuum","stat_user_tables","statio_user_tables","wal"]
          disable_default_metrics = false
          disable_settings_metrics = false
        }

        database_observability.postgres "prod_db" {
          targets = prometheus.exporter.postgres.prod_db.targets
          data_source_name = string.format("postgresql://%s:%s@%s:%d/",
            encoding.url_encode(convert.nonsensitive(remote.kubernetes.secret.prod_db.data["username"])),
            encoding.url_encode(convert.nonsensitive(remote.kubernetes.secret.prod_db.data["password"])),
            "database.prod.svc",
            5432,
          )
          explain_plans {
            collect_interval = "1m"
            per_collect_ratio = "1"
          }
          query_details {
            collect_interval = "1m"
          }
          query_samples {
            collect_interval = "1m"
            disable_query_redaction = false
            exclude_current_user = true
          }
          schema_details {
            collect_interval = "1m"
            cache_enabled = true
            cache_size = 256
            cache_ttl = "10m"
          }
          enable_collectors = ["explain_plans","query_details","query_samples","schema_details"]

          forward_to = argument.logs_destinations.value
        }
        prometheus.scrape "prod_db" {
          targets = database_observability.postgres.prod_db.targets
          clustering {
            enabled = true
          }

          scrape_interval = "60s"
          scrape_timeout = "10s"
          scrape_protocols = ["OpenMetricsText1.0.0","OpenMetricsText0.0.1","PrometheusText0.0.4"]
          scrape_classic_histograms = false
          scrape_native_histograms = false
          forward_to = [prometheus.relabel.prod_db.receiver]
        }

        prometheus.relabel "prod_db" {
          max_cache_size = 100000
          rule {
            target_label = "instance"
            replacement = "prod-db"
          }
          rule {
            target_label = "job"
            replacement = "integration/postgresql"
          }
          forward_to = argument.metrics_destinations.value
        }
      }
