deletes unknown_service service names across metrics, logs, and traces:
  1: |
    |-
      declare "application_observability" {
        argument "metrics_destinations" {
          comment = "Must be a list of metrics destinations where collected metrics should be forwarded to"
        }

        argument "logs_destinations" {
          comment = "Must be a list of log destinations where collected logs should be forwarded to"
        }

        argument "traces_destinations" {
          comment = "Must be a list of trace destinations where collected trace should be forwarded to"
        }

        // OTLP Receiver
        otelcol.receiver.otlp "receiver" {
          grpc {
            endpoint = "0.0.0.0:4317"
            include_metadata = false
            max_recv_msg_size = "4MiB"
            read_buffer_size = "512KiB"
            write_buffer_size = "32KiB"
          }
          debug_metrics {
            disable_high_cardinality_metrics = true
          }
          output {
            metrics = [otelcol.processor.resourcedetection.default.input]
            logs = [otelcol.processor.resourcedetection.default.input]
            traces = [otelcol.processor.resourcedetection.default.input]
          }
        } // otelcol.receiver.otlp "receiver"

        // Resource Detection Processor
        otelcol.processor.resourcedetection "default" {
          detectors = ["env","system"]
          override = true

          system {
            hostname_sources = ["os"]
          }

          output {
            metrics = [otelcol.processor.k8sattributes.default.input]
            logs = [otelcol.processor.k8sattributes.default.input]
            traces = [otelcol.processor.k8sattributes.default.input]
          }
        }

        // K8s Attributes Processor
        otelcol.processor.k8sattributes "default" {
          passthrough = false
          extract {
            metadata = ["k8s.namespace.name","k8s.pod.name","k8s.deployment.name","k8s.statefulset.name","k8s.daemonset.name","k8s.cronjob.name","k8s.job.name","k8s.node.name","k8s.pod.uid","k8s.pod.start_time"]
          }
          pod_association {
            source {
              from = "resource_attribute"
              name = "k8s.pod.ip"
            }
          }
          pod_association {
            source {
              from = "resource_attribute"
              name = "k8s.pod.uid"
            }
          }
          pod_association {
            source {
              from = "connection"
            }
          }

          output {
            metrics = [otelcol.processor.transform.default.input]
            logs = [otelcol.processor.transform.default.input]
            traces = [otelcol.processor.transform.default.input, otelcol.connector.host_info.default.input]
          }
        }

        // Host Info Connector
        otelcol.connector.host_info "default" {
          host_identifiers = [ "k8s.node.name" ]

          output {
            metrics = [otelcol.processor.batch.default.input]
          }
        }

        // Transform Processor
        otelcol.processor.transform "default" {
          error_mode = "ignore"
          metric_statements {
            context = "resource"
            statements = [
              // Drop the OpenTelemetry SDK default service.name (unknown_service*) so it is treated as unset
              `delete_key(resource.attributes, "service.name") where resource.attributes["service.name"] != nil and IsMatch(resource.attributes["service.name"], "^unknown_service")`,
            ]
          }
          log_statements {
            context = "resource"
            statements = [
              "set(attributes[\"pod\"], attributes[\"k8s.pod.name\"])",
              "set(attributes[\"namespace\"], attributes[\"k8s.namespace.name\"])",
              "set(attributes[\"loki.resource.labels\"], \"cluster, namespace, job, pod\")",
              // Drop the OpenTelemetry SDK default service.name (unknown_service*) so it is treated as unset
              `delete_key(resource.attributes, "service.name") where resource.attributes["service.name"] != nil and IsMatch(resource.attributes["service.name"], "^unknown_service")`,
            ]
          }
          trace_statements {
            context = "resource"
            statements = [
              // Drop the OpenTelemetry SDK default service.name (unknown_service*) so it is treated as unset
              `delete_key(resource.attributes, "service.name") where resource.attributes["service.name"] != nil and IsMatch(resource.attributes["service.name"], "^unknown_service")`,
            ]
          }
          trace_statements {
            context = "span"
            statements = [
             "set_semconv_span_name(\"1.37.0\", \"original_span_name\")",
            ]
          }

          output {
            metrics = [otelcol.processor.batch.default.input]
            logs = [otelcol.processor.batch.default.input]
            traces = [otelcol.processor.batch.default.input]
          }
        }

        // Batch Processor
        otelcol.processor.batch "default" {
          send_batch_size = 8192
          send_batch_max_size = 0
          timeout = "2s"

          output {
            metrics = argument.metrics_destinations.value
            logs = argument.logs_destinations.value
            traces = argument.traces_destinations.value
          }
        }
      } // declare "application_observability"
runs before service name detection when combined with alignServiceNameWithOTelSemConv:
  1: |
    |-
      declare "application_observability" {
        argument "metrics_destinations" {
          comment = "Must be a list of metrics destinations where collected metrics should be forwarded to"
        }

        argument "logs_destinations" {
          comment = "Must be a list of log destinations where collected logs should be forwarded to"
        }

        argument "traces_destinations" {
          comment = "Must be a list of trace destinations where collected trace should be forwarded to"
        }

        // OTLP Receiver
        otelcol.receiver.otlp "receiver" {
          grpc {
            endpoint = "0.0.0.0:4317"
            include_metadata = false
            max_recv_msg_size = "4MiB"
            read_buffer_size = "512KiB"
            write_buffer_size = "32KiB"
          }
          debug_metrics {
            disable_high_cardinality_metrics = true
          }
          output {
            metrics = [otelcol.processor.resourcedetection.default.input]
            logs = [otelcol.processor.resourcedetection.default.input]
            traces = [otelcol.processor.resourcedetection.default.input]
          }
        } // otelcol.receiver.otlp "receiver"

        // Resource Detection Processor
        otelcol.processor.resourcedetection "default" {
          detectors = ["env","system"]
          override = true

          system {
            hostname_sources = ["os"]
          }

          output {
            metrics = [otelcol.processor.k8sattributes.default.input]
            logs = [otelcol.processor.k8sattributes.default.input]
            traces = [otelcol.processor.k8sattributes.default.input]
          }
        }

        // K8s Attributes Processor
        otelcol.processor.k8sattributes "default" {
          passthrough = false
          extract {
            otel_annotations = true
            metadata = ["k8s.namespace.name","k8s.pod.name","k8s.deployment.name","k8s.statefulset.name","k8s.daemonset.name","k8s.cronjob.name","k8s.job.name","k8s.node.name","k8s.pod.uid","k8s.pod.start_time"]
            // Extracted into temporary attributes for service.name detection, then deleted in the transform processor.
            // Temporary names are used so the cleanup never deletes an `app.kubernetes.io/*` attribute the user extracted.
            label {
              tag_name = "k8s_monitoring.tmp.instance"
              key = "app.kubernetes.io/instance"
              from = "pod"
            }
            label {
              tag_name = "k8s_monitoring.tmp.name"
              key = "app.kubernetes.io/name"
              from = "pod"
            }
          }
          pod_association {
            source {
              from = "resource_attribute"
              name = "k8s.pod.ip"
            }
          }
          pod_association {
            source {
              from = "resource_attribute"
              name = "k8s.pod.uid"
            }
          }
          pod_association {
            source {
              from = "connection"
            }
          }

          output {
            metrics = [otelcol.processor.transform.default.input]
            logs = [otelcol.processor.transform.default.input]
            traces = [otelcol.processor.transform.default.input, otelcol.connector.host_info.default.input]
          }
        }

        // Host Info Connector
        otelcol.connector.host_info "default" {
          host_identifiers = [ "k8s.node.name" ]

          output {
            metrics = [otelcol.processor.batch.default.input]
          }
        }

        // Transform Processor
        otelcol.processor.transform "default" {
          error_mode = "ignore"
          metric_statements {
            context = "resource"
            statements = [
              // Drop the OpenTelemetry SDK default service.name (unknown_service*) so it is treated as unset
              `delete_key(resource.attributes, "service.name") where resource.attributes["service.name"] != nil and IsMatch(resource.attributes["service.name"], "^unknown_service")`,
              // Set service.name by choosing the first value found from the following ordered list:
              // - service.name as reported by the application or set from the resource.opentelemetry.io/service.name annotation
              // - pod.label[app.kubernetes.io/instance]
              // - pod.label[app.kubernetes.io/name]
              // - k8s.workload.name (Deployment, StatefulSet, DaemonSet, CronJob, Job, ...)
              // - k8s.pod.name
              // The instance/name pod labels are read from temporary attributes (k8s_monitoring.tmp.*) extracted by the
              // k8sattributes processor, so the cleanup below only ever deletes attributes this feature added.
              `set(resource.attributes["service.name"], resource.attributes["k8s_monitoring.tmp.instance"]) where (resource.attributes["service.name"] == nil or resource.attributes["service.name"] == "") and resource.attributes["k8s_monitoring.tmp.instance"] != nil and resource.attributes["k8s_monitoring.tmp.instance"] != ""`,
              `set(resource.attributes["service.name"], resource.attributes["k8s_monitoring.tmp.name"]) where (resource.attributes["service.name"] == nil or resource.attributes["service.name"] == "") and resource.attributes["k8s_monitoring.tmp.name"] != nil and resource.attributes["k8s_monitoring.tmp.name"] != ""`,
              `set(resource.attributes["service.name"], resource.attributes["k8s.deployment.name"]) where (resource.attributes["service.name"] == nil or resource.attributes["service.name"] == "") and resource.attributes["k8s.deployment.name"] != nil and resource.attributes["k8s.deployment.name"] != ""`,
              `set(resource.attributes["service.name"], resource.attributes["k8s.replicaset.name"]) where (resource.attributes["service.name"] == nil or resource.attributes["service.name"] == "") and resource.attributes["k8s.replicaset.name"] != nil and resource.attributes["k8s.replicaset.name"] != ""`,
              `set(resource.attributes["service.name"], resource.attributes["k8s.statefulset.name"]) where (resource.attributes["service.name"] == nil or resource.attributes["service.name"] == "") and resource.attributes["k8s.statefulset.name"] != nil and resource.attributes["k8s.statefulset.name"] != ""`,
              `set(resource.attributes["service.name"], resource.attributes["k8s.daemonset.name"]) where (resource.attributes["service.name"] == nil or resource.attributes["service.name"] == "") and resource.attributes["k8s.daemonset.name"] != nil and resource.attributes["k8s.daemonset.name"] != ""`,
              `set(resource.attributes["service.name"], resource.attributes["k8s.cronjob.name"]) where (resource.attributes["service.name"] == nil or resource.attributes["service.name"] == "") and resource.attributes["k8s.cronjob.name"] != nil and resource.attributes["k8s.cronjob.name"] != ""`,
              `set(resource.attributes["service.name"], resource.attributes["k8s.job.name"]) where (resource.attributes["service.name"] == nil or resource.attributes["service.name"] == "") and resource.attributes["k8s.job.name"] != nil and resource.attributes["k8s.job.name"] != ""`,
              `set(resource.attributes["service.name"], resource.attributes["k8s.pod.name"]) where (resource.attributes["service.name"] == nil or resource.attributes["service.name"] == "") and resource.attributes["k8s.pod.name"] != nil and resource.attributes["k8s.pod.name"] != ""`,

              // Set service.namespace to the pod namespace if not already set
              `set(resource.attributes["service.namespace"], resource.attributes["k8s.namespace.name"]) where (resource.attributes["service.namespace"] == nil or resource.attributes["service.namespace"] == "") and resource.attributes["k8s.namespace.name"] != nil and resource.attributes["k8s.namespace.name"] != ""`,

              // Remove the temporary attributes used for service.name detection
              `delete_key(resource.attributes, "k8s_monitoring.tmp.instance")`,
              `delete_key(resource.attributes, "k8s_monitoring.tmp.name")`,
            ]
          }
          log_statements {
            context = "resource"
            statements = [
              "set(attributes[\"pod\"], attributes[\"k8s.pod.name\"])",
              "set(attributes[\"namespace\"], attributes[\"k8s.namespace.name\"])",
              "set(attributes[\"loki.resource.labels\"], \"cluster, namespace, job, pod\")",
              // Drop the OpenTelemetry SDK default service.name (unknown_service*) so it is treated as unset
              `delete_key(resource.attributes, "service.name") where resource.attributes["service.name"] != nil and IsMatch(resource.attributes["service.name"], "^unknown_service")`,
              // Set service.name by choosing the first value found from the following ordered list:
              // - service.name as reported by the application or set from the resource.opentelemetry.io/service.name annotation
              // - pod.label[app.kubernetes.io/instance]
              // - pod.label[app.kubernetes.io/name]
              // - k8s.workload.name (Deployment, StatefulSet, DaemonSet, CronJob, Job, ...)
              // - k8s.pod.name
              // The instance/name pod labels are read from temporary attributes (k8s_monitoring.tmp.*) extracted by the
              // k8sattributes processor, so the cleanup below only ever deletes attributes this feature added.
              `set(resource.attributes["service.name"], resource.attributes["k8s_monitoring.tmp.instance"]) where (resource.attributes["service.name"] == nil or resource.attributes["service.name"] == "") and resource.attributes["k8s_monitoring.tmp.instance"] != nil and resource.attributes["k8s_monitoring.tmp.instance"] != ""`,
              `set(resource.attributes["service.name"], resource.attributes["k8s_monitoring.tmp.name"]) where (resource.attributes["service.name"] == nil or resource.attributes["service.name"] == "") and resource.attributes["k8s_monitoring.tmp.name"] != nil and resource.attributes["k8s_monitoring.tmp.name"] != ""`,
              `set(resource.attributes["service.name"], resource.attributes["k8s.deployment.name"]) where (resource.attributes["service.name"] == nil or resource.attributes["service.name"] == "") and resource.attributes["k8s.deployment.name"] != nil and resource.attributes["k8s.deployment.name"] != ""`,
              `set(resource.attributes["service.name"], resource.attributes["k8s.replicaset.name"]) where (resource.attributes["service.name"] == nil or resource.attributes["service.name"] == "") and resource.attributes["k8s.replicaset.name"] != nil and resource.attributes["k8s.replicaset.name"] != ""`,
              `set(resource.attributes["service.name"], resource.attributes["k8s.statefulset.name"]) where (resource.attributes["service.name"] == nil or resource.attributes["service.name"] == "") and resource.attributes["k8s.statefulset.name"] != nil and resource.attributes["k8s.statefulset.name"] != ""`,
              `set(resource.attributes["service.name"], resource.attributes["k8s.daemonset.name"]) where (resource.attributes["service.name"] == nil or resource.attributes["service.name"] == "") and resource.attributes["k8s.daemonset.name"] != nil and resource.attributes["k8s.daemonset.name"] != ""`,
              `set(resource.attributes["service.name"], resource.attributes["k8s.cronjob.name"]) where (resource.attributes["service.name"] == nil or resource.attributes["service.name"] == "") and resource.attributes["k8s.cronjob.name"] != nil and resource.attributes["k8s.cronjob.name"] != ""`,
              `set(resource.attributes["service.name"], resource.attributes["k8s.job.name"]) where (resource.attributes["service.name"] == nil or resource.attributes["service.name"] == "") and resource.attributes["k8s.job.name"] != nil and resource.attributes["k8s.job.name"] != ""`,
              `set(resource.attributes["service.name"], resource.attributes["k8s.pod.name"]) where (resource.attributes["service.name"] == nil or resource.attributes["service.name"] == "") and resource.attributes["k8s.pod.name"] != nil and resource.attributes["k8s.pod.name"] != ""`,

              // Set service.namespace to the pod namespace if not already set
              `set(resource.attributes["service.namespace"], resource.attributes["k8s.namespace.name"]) where (resource.attributes["service.namespace"] == nil or resource.attributes["service.namespace"] == "") and resource.attributes["k8s.namespace.name"] != nil and resource.attributes["k8s.namespace.name"] != ""`,

              // Remove the temporary attributes used for service.name detection
              `delete_key(resource.attributes, "k8s_monitoring.tmp.instance")`,
              `delete_key(resource.attributes, "k8s_monitoring.tmp.name")`,
            ]
          }
          trace_statements {
            context = "resource"
            statements = [
              // Drop the OpenTelemetry SDK default service.name (unknown_service*) so it is treated as unset
              `delete_key(resource.attributes, "service.name") where resource.attributes["service.name"] != nil and IsMatch(resource.attributes["service.name"], "^unknown_service")`,
              // Set service.name by choosing the first value found from the following ordered list:
              // - service.name as reported by the application or set from the resource.opentelemetry.io/service.name annotation
              // - pod.label[app.kubernetes.io/instance]
              // - pod.label[app.kubernetes.io/name]
              // - k8s.workload.name (Deployment, StatefulSet, DaemonSet, CronJob, Job, ...)
              // - k8s.pod.name
              // The instance/name pod labels are read from temporary attributes (k8s_monitoring.tmp.*) extracted by the
              // k8sattributes processor, so the cleanup below only ever deletes attributes this feature added.
              `set(resource.attributes["service.name"], resource.attributes["k8s_monitoring.tmp.instance"]) where (resource.attributes["service.name"] == nil or resource.attributes["service.name"] == "") and resource.attributes["k8s_monitoring.tmp.instance"] != nil and resource.attributes["k8s_monitoring.tmp.instance"] != ""`,
              `set(resource.attributes["service.name"], resource.attributes["k8s_monitoring.tmp.name"]) where (resource.attributes["service.name"] == nil or resource.attributes["service.name"] == "") and resource.attributes["k8s_monitoring.tmp.name"] != nil and resource.attributes["k8s_monitoring.tmp.name"] != ""`,
              `set(resource.attributes["service.name"], resource.attributes["k8s.deployment.name"]) where (resource.attributes["service.name"] == nil or resource.attributes["service.name"] == "") and resource.attributes["k8s.deployment.name"] != nil and resource.attributes["k8s.deployment.name"] != ""`,
              `set(resource.attributes["service.name"], resource.attributes["k8s.replicaset.name"]) where (resource.attributes["service.name"] == nil or resource.attributes["service.name"] == "") and resource.attributes["k8s.replicaset.name"] != nil and resource.attributes["k8s.replicaset.name"] != ""`,
              `set(resource.attributes["service.name"], resource.attributes["k8s.statefulset.name"]) where (resource.attributes["service.name"] == nil or resource.attributes["service.name"] == "") and resource.attributes["k8s.statefulset.name"] != nil and resource.attributes["k8s.statefulset.name"] != ""`,
              `set(resource.attributes["service.name"], resource.attributes["k8s.daemonset.name"]) where (resource.attributes["service.name"] == nil or resource.attributes["service.name"] == "") and resource.attributes["k8s.daemonset.name"] != nil and resource.attributes["k8s.daemonset.name"] != ""`,
              `set(resource.attributes["service.name"], resource.attributes["k8s.cronjob.name"]) where (resource.attributes["service.name"] == nil or resource.attributes["service.name"] == "") and resource.attributes["k8s.cronjob.name"] != nil and resource.attributes["k8s.cronjob.name"] != ""`,
              `set(resource.attributes["service.name"], resource.attributes["k8s.job.name"]) where (resource.attributes["service.name"] == nil or resource.attributes["service.name"] == "") and resource.attributes["k8s.job.name"] != nil and resource.attributes["k8s.job.name"] != ""`,
              `set(resource.attributes["service.name"], resource.attributes["k8s.pod.name"]) where (resource.attributes["service.name"] == nil or resource.attributes["service.name"] == "") and resource.attributes["k8s.pod.name"] != nil and resource.attributes["k8s.pod.name"] != ""`,

              // Set service.namespace to the pod namespace if not already set
              `set(resource.attributes["service.namespace"], resource.attributes["k8s.namespace.name"]) where (resource.attributes["service.namespace"] == nil or resource.attributes["service.namespace"] == "") and resource.attributes["k8s.namespace.name"] != nil and resource.attributes["k8s.namespace.name"] != ""`,

              // Remove the temporary attributes used for service.name detection
              `delete_key(resource.attributes, "k8s_monitoring.tmp.instance")`,
              `delete_key(resource.attributes, "k8s_monitoring.tmp.name")`,
            ]
          }
          trace_statements {
            context = "span"
            statements = [
             "set_semconv_span_name(\"1.37.0\", \"original_span_name\")",
            ]
          }

          output {
            metrics = [otelcol.processor.batch.default.input]
            logs = [otelcol.processor.batch.default.input]
            traces = [otelcol.processor.batch.default.input]
          }
        }

        // Batch Processor
        otelcol.processor.batch "default" {
          send_batch_size = 8192
          send_batch_max_size = 0
          timeout = "2s"

          output {
            metrics = argument.metrics_destinations.value
            logs = argument.logs_destinations.value
            traces = argument.traces_destinations.value
          }
        }
      } // declare "application_observability"
